Decoded 3167.8 seconds
[00:00.000 --> 00:14.000] 正常的经常在二十四小时,要挂货,要两个点点。
[00:14.000 --> 00:34.000] 第二个是那种系统的单子,它是有规定你什么时候受这发火的安全,你到时候输出来能写清楚,然后黄泽全接待那时候要把那个时效的配置。
[00:35.000 --> 00:46.000] 还有没有限制过,要把产品的生产都输掉来的传用配置上去。
[00:46.000 --> 01:12.000] 还有没有生产配置上去,然后接着那个时候,把实际的发火时效给来的,要小于生产都输掉来的配置上去。
[01:13.000 --> 01:26.000] 那个烤起来接待之后要录进去,还配上去的,发火也是这样的,就像那个根据日期把它控制了。
[01:26.000 --> 01:31.000] 要么现在全部推过来超时不对,现在可能加高的不少是蓝色。
[01:31.000 --> 01:41.000] 然后那个时种单子的话,你单主要把它标准出来。
[01:42.000 --> 01:51.000] 我把这个发给你,然后下单的话你这里。
[01:51.000 --> 02:14.000] 下单这个东西要弄好,弄好,黄泽封好,你看一下这生产怎么配合,这是生殖吧。
[02:14.000 --> 02:21.000] 上次说拆单要加在那里什么,延迟发火也要加在那里什么。
[02:21.000 --> 02:24.000] 延迟发火它是在直接开灯的。
[02:24.000 --> 02:32.000] 有些不是要跟系统去沟通吧,修改时效嘛。
[02:32.000 --> 02:36.000] 甚至改单了,就系统改单了。
[02:36.000 --> 02:39.000] 改单了,定单修改了,你要加点批了。
[02:45.000 --> 02:52.000] 把这些功能给它配置上,然后那个OA那个时效就是,现在是24小时的懒收。
[02:52.000 --> 02:55.000] 24小时发火,24小时懒收。
[02:55.000 --> 03:00.000] 然后懒收的话,要求它是根据实际来,就火走的时候是懒。
[03:00.000 --> 03:10.000] 到底那个功能是写,念火还是写什么,它实际上差不多是用我们的WM还是差不多的。
[03:10.000 --> 03:17.000] 那还有些发烂那种什么化约啊,物流的时候也要拖单好。
[03:17.000 --> 03:21.000] 这里面都写,你们讨论一下,看你们的吧。
[03:21.000 --> 03:29.000] 就把每个产品的制造都器也要配置到那个那个标准物上面去发火。
[03:29.000 --> 03:32.000] 还有就是我上回的那个毛利的那个事情。
[03:33.000 --> 03:43.000] 就是每个品,我上飞用到时候就是,每个品后面把绑定一个市场费用,然后它下来来直接能到,能到,能到,
[03:43.000 --> 03:46.000] 能到些经销商在省区这样子,一到到上去。
[03:46.000 --> 03:49.000] 那这个是在,我觉得在产品户里面,唯后是不更好。
[03:49.000 --> 03:50.000] 对,就是在产品户里面。
[03:50.000 --> 03:55.000] 对啊,产品户里把成本拿了这些唯后,毛利价嘛。
[03:55.000 --> 03:56.000] 就是毛利,它是那个市场费用。
[03:57.000 --> 03:59.000] 这个才有几个点上去。
[03:59.000 --> 04:02.000] 上帝后来以后,他会有个辞职嘛。
[04:06.000 --> 04:11.000] 然后他这个市场费用的辞职是这样子的,你是谁卖的这个货。
[04:11.000 --> 04:15.000] 交上省区,幼稚园,省区。
[04:18.000 --> 04:20.000] 然后包括工程等级。
[04:21.000 --> 04:22.000] 最好是个辞职。
[04:22.000 --> 04:25.000] 能一到到晚上拆整谁,也是。
[04:25.000 --> 04:26.000] 拆整。
[04:26.000 --> 04:28.000] 他就说,要拆整。
[04:28.000 --> 04:29.000] 拆整。
[04:29.000 --> 04:30.000] 拆整。
[04:30.000 --> 04:33.000] 没有,他这个跟中央财政,跟地方财政一样。
[04:33.000 --> 04:34.000] 对,拆整。
[04:34.000 --> 04:35.000] 钱还要多的。
[04:35.000 --> 04:36.000] 对,拆整。
[04:36.000 --> 04:38.000] 其实就是拆整。
[04:38.000 --> 04:44.000] 就是你打算是个点,你这个省区,你现在做新的市场,不够不够的话,他这个辞职里还有钱。
[04:44.000 --> 04:46.000] 市场部的这个辞职里还有钱。
[04:46.000 --> 04:48.000] 对,那部这个辞职里还要往那里补。
[04:48.000 --> 04:51.000] 对,那边去。
[04:52.000 --> 04:56.000] 还要去拽下那种资金,然后向投兵贵,干嘛,党费很多。
[04:57.000 --> 05:00.000] 孩子,公司预留多少,这个到时候我们再讨论一下。
[05:01.000 --> 05:06.000] 你去释放一下,公司预留多少,多为那个。
[05:07.000 --> 05:11.000] 就是,这个可以随时去拨,拨,就是调配的资金。
[05:12.000 --> 05:14.000] 调配的资金,这边告诉你市场部了。
[05:15.000 --> 05:19.000] 你只是整理市场,现在不够的情况下,需要其他的。
[05:19.000 --> 05:21.000] 那就是要向投资金。
[05:21.000 --> 05:26.000] 只要我,我那种,他们也要走生心,他们走生心只不过是你们那里批嘛。
[05:27.000 --> 05:31.000] 那个辞职,或者是放在你这里嘛。
[05:35.000 --> 05:43.000] 市场费用,说配置从每个财品后面去,对,下一个按钮,然后分节点去配就好了。
[05:44.000 --> 05:46.000] 对,是。
[05:46.000 --> 05:50.000] 那就他下一个单,然后这个就自动生辞出来,然后这个结会到他的。
[05:51.000 --> 05:52.000] 对,这种方言过我们。
[05:53.000 --> 05:54.000] 到一个自治里面去。
[05:55.000 --> 06:02.000] 但是用的话,那你上帐了之后,是不是要从这个户里面去,去滑走呢?
[06:03.000 --> 06:07.000] 像这样子嘛,那就用掉了吧,人家肯定要从这里,户里面滑走。
[06:08.000 --> 06:10.000] 你要跟那个,就是不是简单去做观点呢?
[06:11.000 --> 06:13.000] 不是简单,是非用。
[06:13.000 --> 06:15.000] 不是,就是要跟,是非用。
[06:16.000 --> 06:19.000] 不大进来,不大出去,不大进来,不大出去嘛,是不是简单,是简单。
[06:20.000 --> 06:22.000] 你要从,要从,要滑走嘛。
[06:23.000 --> 06:30.000] 用掉了滑走,用掉滑走,然后滑走之后有明信了,是谁,哪个交上又来多少钱,哪个交上什么时候又来,这明信要用。
[06:44.000 --> 06:49.000] 一个单读的,这个是你一个回应的单读。
[06:50.000 --> 06:52.000] 那就说明一个有个词字吗?
[06:53.000 --> 06:54.000] 对,这样子就退笔了。
[06:55.000 --> 07:00.000] 然后你现在交上评笔的时候,它其实它是还有,它是抄的,正乃是负的。
[07:01.000 --> 07:04.000] 然后在交上做活动,要用多少钱嘛。
[07:05.000 --> 07:10.000] 它是现在抄的,还是负的再用,我们都看得出来嘛。
[07:14.000 --> 07:16.000] 那你要强观点到,即交上。
[07:17.000 --> 07:19.000] 最少它又要到这样子来使用。
[07:20.000 --> 07:21.000] 是,然后是什么呢?
[07:24.000 --> 07:25.000] 分区,这个要分区嘛。
[07:26.000 --> 07:28.000] 还有个词,不是,你批评的大词图。
[07:29.000 --> 07:31.000] 对,对,分那个东西,你比较中心吧。
[07:32.000 --> 07:42.000] 不是,它只是表达,这词,表达要,那这个词,是表达,这词,这词,也是把它定待去评。
[07:43.000 --> 07:51.000] 或者他们,他们这种,从预算至什么行的,它预算到往里面,然后再开始去,去,去。
[07:52.000 --> 07:53.000] 最好也要工具,定待去。
[07:54.000 --> 08:00.000] 不过我们,博士在博的,要么,逻辑不同意乱。
[08:01.000 --> 08:04.000] 调好这定单嘛,定单反正就不易串起来。
[08:05.000 --> 08:12.000] 那这客户类型,有的就是交上,有的就是我们之音的这种客户,我们所有的东西,就是还有就是,
[08:13.000 --> 08:19.000] 那个客户啊,系统客户的透点啊,本地啊,年度和通话,什么之类。
[08:20.000 --> 08:25.000] 我觉得得把那,都客户,人家把它配置好,不要掉下,也有省区的干嘛吧。
[08:26.000 --> 08:32.000] 完毕,就是在客户文物里面加一个它的那个,那个那个叫什么,Gitl的,加一个配置。
[08:33.000 --> 08:39.000] 那反映点,反映点是,就是一个很重要的,一到反映点,这个就是要去,你卡的时候是,这个就是可能,
[08:39.000 --> 08:48.000] 因为它整年之后才是倒是反映点,反映点,反映点,反映点,反映点是有个底线的。
[08:49.000 --> 08:51.000] 你还最高,我先,先联系我。
[08:51.000 --> 08:52.000] 然后还有就是说,后反映点是很大,对,有些是上后反映点,对,上后反映点,对,对,对,对,对,对,对,对,对,对,对,对,对,对,对,对,对,对,对,对,对,对,对,对,对,对,对,对,对,对,对,对,对,对,对,对,对,对,对,对,对,对,对,对,对,对,对,对,对,对,对,对,对,对,对,对,对,对,对,对,对,对,对,对,对,对,对,对,对,对,对,对,对,对,对,对,对,对,对,对,对,对,对,对,对,对,对,对,对,对,对,对,对,
[09:21.000 --> 09:51.000] 对,对,对,对,对,对,对,对,对,对,对,对,对,对,对,对,对,对,对,对,对,对,对,对,对,对,对,对,对,对,对,对,对,对,对,对,对,对,对,对,对,对,对,对,对,对,对,对,对,对,对,对,对,对,对,对,对,对,对,对,对,对,对,对,对,对,对,对,对,对,对,对,对,对,对,对,对,对,对,对,对,对,对,对,对,对,对,对,对,对,对,对,对,对,对,对,对,对,对,对,对,对,对,对,对,对,对,对,对,对,对
[09:51.000 --> 09:57.120] 对财务就对那个规则对那个财务跟他们谈好的财务就对对
[09:58.000 --> 10:03.000] 相当于关键信息这个客户的关键信息配置在那个客户
[10:03.600 --> 10:04.200] 接住声声
[10:05.280 --> 10:05.680] 方面
[10:05.680 --> 10:21.680] 那这种单月的比较测地月份的活动那种那种也还叫国众指示
[10:21.680 --> 10:22.680] 国众指示
[10:22.680 --> 10:26.680] 也是反单月反而就像成大不是六月份
[10:26.680 --> 10:28.680] 那这种是对专项的活动啊
[10:29.680 --> 10:32.680] 专项的都是他不是每个月都有一个人
[10:32.680 --> 10:34.680] 那这种是要走市场面的
[10:42.680 --> 10:44.680] 这种要走市场面用什么皮来
[10:50.680 --> 10:51.680] 我说的是固定过程
[10:52.680 --> 10:53.680] 死了
[10:54.680 --> 10:55.680] 是
[10:58.680 --> 10:59.680] 是
[10:59.680 --> 11:00.680] 可怜
[11:00.680 --> 11:01.680] 不
[11:01.680 --> 11:02.680] 那这个
[11:07.680 --> 11:08.680] 来
[11:08.680 --> 11:09.680] 来
[11:10.680 --> 11:11.680] 就
[11:11.680 --> 11:12.680] 不得
[11:12.680 --> 11:13.680] 每个市场都不好
[11:14.680 --> 11:15.680] 这都不一样
[11:18.680 --> 11:19.680] 就是说
[11:20.680 --> 11:21.680] 对
[11:24.680 --> 11:25.680] 那金瞎上的年反
[11:27.680 --> 11:28.680] 年反上都是市场面用
[11:30.680 --> 11:32.680] 年反因为你是不定数嘛
[11:32.680 --> 11:33.680] 对不定数
[11:33.680 --> 11:34.680] 靠他们整批他们
[11:34.680 --> 11:35.680] 对对
[11:35.680 --> 11:36.680] 整批他们就走国面就好
[11:36.680 --> 11:37.680] 就市场面用的
[11:37.680 --> 11:38.680] 就这个词里面
[11:38.680 --> 11:41.680] 表示是不是要把这块些
[11:41.680 --> 11:43.680] 一些不为富的预头
[11:43.680 --> 11:44.680] 或者怎么样的动物
[11:45.680 --> 11:46.680] 要不然年反的时候没钱了
[11:46.680 --> 11:47.680] 那种法法
[11:48.680 --> 11:49.680] 那不是又超了吗
[11:52.680 --> 11:53.680] 比方说有年反的
[11:54.680 --> 11:55.680] 年反的不多吧
[11:55.680 --> 11:56.680] 不
[11:56.680 --> 11:57.680] 那也不少
[11:59.680 --> 12:00.680] 那现在我这个市值给的钱
[12:00.680 --> 12:01.680] 我要预留
[12:01.680 --> 12:02.680] 不然这个钱是不能动的
[12:02.680 --> 12:04.680] 因为想要留留到你
[12:04.680 --> 12:05.680] 你也得去反抗
[12:07.680 --> 12:08.680] 要不然夸啊都保持都夸完了
[12:08.680 --> 12:09.680] 然后你连反抗的时候没钱了
[12:09.680 --> 12:11.680] 那就变成超了
[12:14.680 --> 12:15.680] 然后这个就是有
[12:15.680 --> 12:16.680] 会有一个表率
[12:16.680 --> 12:17.680] 一到三会变成这样
[12:17.680 --> 12:18.680] 就是非固定
[12:18.680 --> 12:19.680] 因为是
[12:19.680 --> 12:21.680] 看他的一年做得很好
[12:21.680 --> 12:24.680] 那就按照或者按照最高点数
[12:24.680 --> 12:25.680] 最高点数就不老了
[12:25.680 --> 12:26.680] 对 最高点数就不老了
[12:26.680 --> 12:27.680] 最高点数就不老了
[12:27.680 --> 12:28.680] 最高点数就不老了
[12:35.680 --> 12:37.680] 大家问
[12:37.680 --> 12:38.680] 这些东西
[12:38.680 --> 12:40.680] 对付的这个
[12:40.680 --> 12:42.680] 那些东西
[12:42.680 --> 12:43.680] 现在就用用哪儿
[12:43.680 --> 12:45.680] 它是其实都是进完
[12:45.680 --> 12:46.680] 去进来出去
[12:46.680 --> 12:48.680] 然后这块有些留着就
[12:49.680 --> 12:51.680] 一个活动过来
[12:51.680 --> 12:52.680] 结算三个月
[12:52.680 --> 12:54.680] 有结设
[12:55.680 --> 12:57.680] 上当三个月用上来
[12:58.680 --> 12:59.680] 接下来所有的
[12:59.680 --> 13:00.680] 现在所有的上当系统
[13:00.680 --> 13:02.680] 是已经我我对他们
[13:04.680 --> 13:05.680] 什么时候用掉分
[13:05.680 --> 13:07.680] 以前的会不会有分
[13:07.680 --> 13:09.680] 上当熟熟的
[13:09.680 --> 13:10.680] 你就能今天
[13:10.680 --> 13:11.680] 我今天有个省期吗
[13:11.680 --> 13:12.680] 你
[13:12.680 --> 13:13.680] 其实你现在
[13:13.680 --> 13:14.680] 你现在有没有
[13:14.680 --> 13:15.680] 你现在少吃醉了
[13:15.680 --> 13:16.680] 那不然
[13:16.680 --> 13:18.680] 不管是熟熟的事情
[13:18.680 --> 13:19.680] 对
[13:19.680 --> 13:21.680] 跟我们是这边是没关系的
[13:21.680 --> 13:22.680] 我们就批调就相当于存在
[13:22.680 --> 13:23.680] 你就用掉了
[13:23.680 --> 13:24.680] 对
[13:24.680 --> 13:25.680] 比如说其实上当上当
[13:25.680 --> 13:27.680] 上当上当也一定用掉了
[13:27.680 --> 13:28.680] 还没有
[13:28.680 --> 13:29.680] 也是没有马上用掉
[13:29.680 --> 13:30.680] 不是
[13:30.680 --> 13:31.680] 我们今天那个是天下午
[13:31.680 --> 13:32.680] 你当天一个
[13:32.680 --> 13:33.680] 女生天下午
[13:33.680 --> 13:34.680] 你天下午
[13:34.680 --> 13:35.680] 没有吗
[13:35.680 --> 13:36.680] 没有
[13:36.680 --> 13:38.680] 那结设
[13:38.680 --> 13:40.680] 他那个是升起
[13:40.680 --> 13:41.680] 升起的实际上
[13:41.680 --> 13:43.680] 上当还是有差别
[13:43.680 --> 13:44.680] 他设起
[13:44.680 --> 13:46.680] 他有可能直接门店
[13:46.680 --> 13:47.680] 没上当
[13:47.680 --> 13:48.680] 在活动
[13:48.680 --> 13:49.680] 他上了实际
[13:49.680 --> 13:51.680] 有可能是升了实际的时候
[13:51.680 --> 13:52.680] 可能会变成八层
[13:52.680 --> 13:53.680] 因为有两个比方说
[13:53.680 --> 13:54.680] 刚好
[13:54.680 --> 13:55.680] 各种原因
[13:55.680 --> 13:56.680] 不要需要
[13:56.680 --> 13:58.680] 没找到
[13:58.680 --> 13:59.680] 或者这个门店
[13:59.680 --> 14:00.680] 刚好有什么
[14:00.680 --> 14:01.680] 你分一分
[14:01.680 --> 14:02.680] 怎么
[14:02.680 --> 14:03.680] 再分
[14:04.680 --> 14:05.680] 实际用的
[14:05.680 --> 14:07.680] 你用过的跟实际
[14:07.680 --> 14:09.680] 可能有一些差距
[14:09.680 --> 14:11.680] 升起跟实际
[14:11.680 --> 14:12.680] 可能是差距
[14:12.680 --> 14:13.680] 可能是会有的
[14:13.680 --> 14:14.680] 不会说
[14:14.680 --> 14:15.680] 这个很生气
[14:15.680 --> 14:16.680] 多少
[14:16.680 --> 14:17.680] 你就用多少
[14:17.680 --> 14:18.680] 实际扣的
[14:18.680 --> 14:19.680] 我倒觉得
[14:19.680 --> 14:20.680] 或者实际他升起
[14:20.680 --> 14:21.680] 先升起开到
[14:21.680 --> 14:23.680] 你升起先不能超
[14:23.680 --> 14:24.680] 然后实际化了
[14:24.680 --> 14:25.680] 你是留着钱
[14:25.680 --> 14:26.680] 发到下次
[14:26.680 --> 14:28.680] 多的回动
[14:28.680 --> 14:29.680] 那就是
[14:29.680 --> 14:30.680] 就像信用卡一样
[14:30.680 --> 14:31.680] 你说什么
[14:32.680 --> 14:33.680] 耳朵会把它占用掉
[14:33.680 --> 14:34.680] 对
[14:34.680 --> 14:35.680] 你再用你的耳朵
[14:35.680 --> 14:36.680] 你实际发扫
[14:36.680 --> 14:37.680] 你现在有耳朵
[14:37.680 --> 14:38.680] 还是有
[14:38.680 --> 14:39.680] 那他这个就是要搞
[14:39.680 --> 14:40.680] 那个歌星的
[14:40.680 --> 14:41.680] 语授权
[14:41.680 --> 14:42.680] 我先把你耳朵占用掉
[14:42.680 --> 14:43.680] 你再升起来
[14:43.680 --> 14:45.680] 然后你这个
[14:46.680 --> 14:47.680] 语授权做了一万
[14:47.680 --> 14:48.680] 我一万的
[14:48.680 --> 14:49.680] 把你耳朵可能占用掉了
[14:49.680 --> 14:50.680] 你再升起是升起不了的
[14:50.680 --> 14:51.680] 可以
[14:51.680 --> 14:52.680] 但是实际上
[14:52.680 --> 14:53.680] 你到最后消费的时候
[14:53.680 --> 14:54.680] 只有六千
[14:54.680 --> 14:55.680] 那个时候呢
[14:55.680 --> 14:56.680] 又把它
[14:56.680 --> 14:57.680] 释放成了
[14:57.680 --> 14:59.680] 一万的这个
[14:59.680 --> 15:00.680] 语授权
[15:00.680 --> 15:01.680] 把它变成六千的
[15:01.680 --> 15:02.680] 消费的确诊带
[15:02.680 --> 15:03.680] 然后另外事情
[15:03.680 --> 15:04.680] 把它释放出来
[15:04.680 --> 15:05.680] 明白
[15:05.680 --> 15:06.680] 懂了
[15:06.680 --> 15:07.680] 可以
[15:07.680 --> 15:08.680] 前轮老关
[15:08.680 --> 15:09.680] 关系还没做好
[15:09.680 --> 15:10.680] 嗯好
[15:13.680 --> 15:14.680] 那就是下来是我这边
[15:14.680 --> 15:16.680] 每个产品有多少费用
[15:16.680 --> 15:17.680] 然后这个词里面
[15:17.680 --> 15:18.680] 这个是按照你升起来
[15:18.680 --> 15:19.680] 你反正升起来
[15:19.680 --> 15:20.680] 你操了你就
[15:20.680 --> 15:21.680] 你就升起不了了
[15:21.680 --> 15:22.680] 对
[15:22.680 --> 15:23.680] 但你实际时间的时候
[15:23.680 --> 15:24.680] 你肯定少了之后
[15:24.680 --> 15:25.680] 再把你释放回来
[15:25.680 --> 15:26.680] 你下期就用了
[15:26.680 --> 15:27.680] 下期就用了
[15:27.680 --> 15:28.680] 上个月
[15:28.680 --> 15:29.680] 可以再来一个
[15:29.680 --> 15:30.680] 对对对
[15:30.680 --> 15:31.680] 明白
[15:37.680 --> 15:42.680] 那这样它连反了那块
[15:42.680 --> 15:45.680] 那我就要经每个金箱商
[15:45.680 --> 15:46.680] 我我我
[15:46.680 --> 15:47.680] 明天不会是我
[15:47.680 --> 15:49.680] 那你跟你有点一样
[15:49.680 --> 15:50.680] 就是就是
[15:50.680 --> 15:51.680] 就是每个月
[15:51.680 --> 15:52.680] 一个月过了以后
[15:52.680 --> 15:53.680] 它的连反
[15:53.680 --> 15:54.680] 就要要把它
[15:54.680 --> 15:56.680] 要把它扣到来
[15:56.680 --> 15:57.680] 嗯
[15:58.680 --> 16:00.680] 扣到就是就是这个金
[16:00.680 --> 16:01.680] 有一到三十
[16:01.680 --> 16:02.680] 到你年到
[16:02.680 --> 16:03.680] 就高坑
[16:03.680 --> 16:04.680] 一到五
[16:04.680 --> 16:05.680] 就高坑
[16:05.680 --> 16:06.680] 实际上它再把它
[16:06.680 --> 16:07.680] 再把它释放回来
[16:07.680 --> 16:08.680] 它到底是一样的
[16:08.680 --> 16:09.680] 它释放的时候
[16:09.680 --> 16:10.680] 可能又是发年度
[16:10.680 --> 16:11.680] 第二年
[16:11.680 --> 16:12.680] 发到第二年去
[16:12.680 --> 16:14.680] 因为它是一年之后
[16:14.680 --> 16:15.680] 再给它分
[16:15.680 --> 16:16.680] 嗯
[16:16.680 --> 16:17.680] 那么现在我要锁一年
[16:20.680 --> 16:22.680] 我用你的手这么长时间起来
[16:22.680 --> 16:24.680] 我年反而是一年
[16:24.680 --> 16:25.680] 现在又是锁一年
[16:25.680 --> 16:26.680] 咱们要平均掉下来
[16:26.680 --> 16:27.680] 其实我们平台
[16:27.680 --> 16:28.680] 每个月的话
[16:28.680 --> 16:30.680] 你不也能铺得出来
[16:30.680 --> 16:32.680] 那这边就是它的小的
[16:32.680 --> 16:33.680] 我是要看一下
[16:33.680 --> 16:35.680] 你来一个个点
[16:35.680 --> 16:37.680] 你的合同能这么签了吗
[16:37.680 --> 16:38.680] 或者说它
[16:38.680 --> 16:39.680] 三到十三个点
[16:39.680 --> 16:40.680] 把它扣到来
[16:40.680 --> 16:42.680] 再给它签过吗
[16:42.680 --> 16:44.680] 但是你能锁一年
[16:44.680 --> 16:45.680] 一年之后才知道
[16:45.680 --> 16:46.680] 它是给它一
[16:46.680 --> 16:47.680] 还是给它三
[16:47.680 --> 16:48.680] 还是给它二
[16:48.680 --> 16:49.680] 但它那个整的这个
[16:49.680 --> 16:50.680] 肯定会把它律庭
[16:50.680 --> 16:51.680] 对吧
[16:51.680 --> 16:53.680] 比如说我
[16:53.680 --> 16:55.680] 这个比如一万块钱的这个
[16:55.680 --> 16:56.680] 金
[16:56.680 --> 16:57.680] 对吧
[16:57.680 --> 16:58.680] 那么你实际
[16:58.680 --> 16:59.680] 比如说你年反的话
[16:59.680 --> 17:00.680] 本来是
[17:00.680 --> 17:01.680] 六千
[17:02.680 --> 17:04.680] 那么这两个肯定不够了吗
[17:04.680 --> 17:05.680] 不够了我还要再挑吗
[17:05.680 --> 17:06.680] 什么意思
[17:06.680 --> 17:08.680] 就是说我这个受信这一块
[17:09.680 --> 17:11.680] 刚才说的那个资金这一块
[17:11.680 --> 17:12.680] 我是不是想到
[17:12.680 --> 17:14.680] 四年的还要重新给它
[17:14.680 --> 17:16.680] 去挑配这个资金的
[17:16.680 --> 17:19.680] 就算上三年都有没有结局吗
[17:19.680 --> 17:21.680] 四年
[17:22.680 --> 17:23.680] 如果不足的话
[17:23.680 --> 17:24.680] 我持续再给它增加
[17:25.680 --> 17:26.680] 如果说比如说
[17:26.680 --> 17:27.680] 四年不足的话
[17:27.680 --> 17:28.680] 我还给它增加
[17:29.680 --> 17:30.680] 你现在动了一万吗
[17:30.680 --> 17:31.680] 就一个月动到
[17:31.680 --> 17:32.680] 一万二好了
[17:32.680 --> 17:33.680] 一个月动到一千马上来
[17:33.680 --> 17:34.680] 对
[17:34.680 --> 17:36.680] 实际上合的时候就六千
[17:36.680 --> 17:38.680] 那还有六千不至于
[17:38.680 --> 17:39.680] 还要增加
[17:39.680 --> 17:41.680] 要变成是上年结局嘛
[17:41.680 --> 17:42.680] 对
[17:42.680 --> 17:43.680] 本年结局的不错
[17:43.680 --> 17:44.680] 其实就
[17:47.680 --> 17:48.680] 性格的模式
[17:52.680 --> 17:54.680] 这个动结时间会比较差一点
[17:54.680 --> 17:55.680] 不像那个飞影
[17:55.680 --> 17:56.680] 飞影比较重
[17:56.680 --> 17:57.680] 那个生起来
[17:57.680 --> 17:58.680] 我下个月可能是把你合掉了
[17:58.680 --> 17:59.680] 那是
[17:59.680 --> 18:00.680] 第二个就把你施放出来
[18:00.680 --> 18:01.680] 然后这个是要选择
[18:01.680 --> 18:02.680] 整年才能施放出来
[18:02.680 --> 18:04.680] 我们现在其实一部分
[18:04.680 --> 18:06.680] 是这个按言来得及
[18:06.680 --> 18:08.680] 还有部分是有没有愿意
[18:08.680 --> 18:09.680] 那你就是
[18:09.680 --> 18:10.680] 年反
[18:10.680 --> 18:11.680] 年反
[18:11.680 --> 18:12.680] 别的都没有
[18:14.680 --> 18:15.680] 其他飞影是反正
[18:15.680 --> 18:16.680] 我现在要求是
[18:16.680 --> 18:17.680] 七月份的所有的飞影
[18:17.680 --> 18:18.680] 然后八月
[18:18.680 --> 18:19.680] 全部要把它投来
[18:19.680 --> 18:20.680] 就
[18:22.680 --> 18:23.680] 就不划算
[18:23.680 --> 18:24.680] 所有飞影就
[18:24.680 --> 18:25.680] 合外合外合外这样子
[18:26.680 --> 18:27.680] 因为现在是我们
[18:27.680 --> 18:28.680] 当业
[18:28.680 --> 18:29.680] 当业是吧
[18:29.680 --> 18:30.680] 不是 四月
[18:30.680 --> 18:31.680] 七月份的活动
[18:31.680 --> 18:33.680] 只能是七月底才能结束
[18:33.680 --> 18:35.680] 我八月份全部都把它合完
[18:36.680 --> 18:38.680] 然后八月份的活动
[18:38.680 --> 18:39.680] 九月份全部合完
[18:39.680 --> 18:41.680] 就不会再有之前的
[18:41.680 --> 18:42.680] 因为之前没系统
[18:42.680 --> 18:44.680] 他没提讲我是不知道
[18:44.680 --> 18:45.680] 他资料没有
[18:45.680 --> 18:46.680] 现在主要系统里面
[18:46.680 --> 18:47.680] 就不会犯罪了
[18:47.680 --> 18:48.680] 那些他已经直写了
[18:48.680 --> 18:50.680] 但是没资料没
[18:50.680 --> 18:51.680] 就不会有
[18:51.680 --> 18:52.680] 所以系统还是
[18:52.680 --> 18:53.680] 方便所做
[18:53.680 --> 18:54.680] 我可能说把握
[18:54.680 --> 18:55.680] 因为之前手工的话
[18:55.680 --> 18:56.680] 我把握不了
[18:56.680 --> 18:57.680] 我说他是没资讯
[18:57.680 --> 18:58.680] 还资料没冰
[19:00.680 --> 19:02.680] 然后就不
[19:03.680 --> 19:04.680] 你还要把他
[19:04.680 --> 19:05.680] 最新的额度给他
[19:06.680 --> 19:08.680] 就我们现在那个
[19:08.680 --> 19:09.680] 社会的那个流程
[19:09.680 --> 19:10.680] 其实差不多了
[19:11.680 --> 19:13.680] 不是 我并没说
[19:14.680 --> 19:16.680] 他还蛮慢的 四百万的活
[19:16.680 --> 19:18.680] 有个四万块钱的市场很有
[19:19.680 --> 19:20.680] 他要推钱
[19:20.680 --> 19:22.680] 具体月份的还是
[19:22.680 --> 19:23.680] 然后七月份推
[19:23.680 --> 19:24.680] 月份应该要推
[19:24.680 --> 19:25.680] 要推 没有这个办法
[19:31.680 --> 19:32.680] 这市场没有什么
[19:32.680 --> 19:33.680] 有什么处理处理的
[19:33.680 --> 19:34.680] 对 还没提过
[19:34.680 --> 19:35.680] 不得了 往下面
[19:35.680 --> 19:36.680] 你一个人卖过
[19:36.680 --> 19:37.680] 可能会把他损伤掉
[19:37.680 --> 19:38.680] 对
[19:38.680 --> 19:40.680] 对 又可能就生起来了
[19:40.680 --> 19:41.680] 用可能用吧
[19:41.680 --> 19:43.680] 对 这地方
[19:43.680 --> 19:44.680] 现在肯定用
[19:45.680 --> 19:46.680] 以上你借用
[19:46.680 --> 19:47.680] 你欠借了一万
[19:47.680 --> 19:48.680] 就把你损伤掉了
[19:48.680 --> 19:50.680] 你去找找
[19:50.680 --> 19:51.680] 那你这就不还借
[19:51.680 --> 19:52.680] 对
[19:53.680 --> 19:54.680] 你用的以后
[19:54.680 --> 19:55.680] 拿一块钱
[19:55.680 --> 19:56.680] 要铺别铺了
[19:56.680 --> 19:58.680] 不要 过来
[19:58.680 --> 19:59.680] 就有一段时间
[19:59.680 --> 20:00.680] 发现你这种人
[20:00.680 --> 20:01.680] 不可能在房间
[20:01.680 --> 20:02.680] 要做几条道路
[20:02.680 --> 20:04.680] 那你前面欠了再一倍
[20:04.680 --> 20:06.680] 你前面那个账单还是
[20:07.680 --> 20:08.680] 你之前是你还原
[20:08.680 --> 20:10.680] 你这没有东西可以用的
[20:10.680 --> 20:11.680] 那个
[20:11.680 --> 20:12.680] 你完开以后
[20:12.680 --> 20:13.680] 现在还是不明
[20:13.680 --> 20:14.680] 你还原 现在还是不老实点
[20:22.680 --> 20:23.680] 所以以后
[20:23.680 --> 20:25.680] 一来 最后一天就要
[20:25.680 --> 20:26.680] 老实点
[20:42.680 --> 20:43.680] 那具体的我的品的
[20:43.680 --> 20:46.680] 分用我要跟张海识那个时候
[20:47.680 --> 20:49.680] 所以在那边对
[20:49.680 --> 20:51.680] 分用不是你这里的
[20:51.680 --> 20:52.680] 你能不能拿上去
[20:53.680 --> 20:55.680] 当时他然后他拉
[20:55.680 --> 20:56.680] 是不是他们在
[20:56.680 --> 20:57.680] 在品了一次
[20:57.680 --> 20:58.680] 不拉平均
[20:58.680 --> 20:59.680] 你不要说看
[20:59.680 --> 21:00.680] 你公司是要留的
[21:00.680 --> 21:04.680] 公司留
[21:04.680 --> 21:06.680] 就是有些固定的费用
[21:06.680 --> 21:07.680] 他要分开到
[21:07.680 --> 21:08.680] 每个品上面要留多少
[21:08.680 --> 21:10.680] 这个又要
[21:11.680 --> 21:12.680] 就是有的中台的费用
[21:12.680 --> 21:13.680] 然后他要分开到
[21:13.680 --> 21:14.680] 每个品上面去
[21:16.680 --> 21:18.680] 这个又要存在
[21:18.680 --> 21:19.680] 那里
[21:23.680 --> 21:24.680] 主要是能源 中台
[21:24.680 --> 21:26.680] 就中台 能源 品牌
[21:26.680 --> 21:29.680] 那些费用是在
[21:30.680 --> 21:31.680] 对 这个是固定的
[21:31.680 --> 21:33.680] 固定在是要分开到
[21:33.680 --> 21:34.680] 现在就要分开到
[21:34.680 --> 21:35.680] 固定到每个品
[21:35.680 --> 21:36.680] 固两个点 三个点
[21:36.680 --> 21:37.680] 把它扣出来
[21:38.680 --> 21:39.680] 那你就是所有的品上面
[21:39.680 --> 21:41.680] 你就是要
[21:41.680 --> 21:42.680] 你有一种包
[21:42.680 --> 21:43.680] 市场推荡这个
[21:43.680 --> 21:44.680] 是全台的
[21:44.680 --> 21:45.680] 对 要去的
[21:45.680 --> 21:46.680] 完以后
[21:46.680 --> 21:47.680] 再也不主的点
[21:47.680 --> 21:48.680] 过完以后
[21:48.680 --> 21:49.680] 那个实际上是他们可以
[21:49.680 --> 21:50.680] 对 用的完
[21:50.680 --> 21:51.680] 对
[21:51.680 --> 21:52.680] 然后十个点是两个朋友
[21:52.680 --> 21:53.680] 嗯
[21:53.680 --> 21:54.680] 有些品
[21:54.680 --> 21:55.680] 有些品
[21:55.680 --> 21:56.680] 五个点是两个朋友
[21:56.680 --> 21:57.680] 嗯
[21:57.680 --> 21:58.680] 那五个点是两个朋友
[21:58.680 --> 21:59.680] 就能源
[21:59.680 --> 22:00.680] 就是
[22:00.680 --> 22:01.680] 那个市场上面
[22:01.680 --> 22:02.680] 还是输
[22:02.680 --> 22:03.680] 五个点是两个朋友
[22:04.680 --> 22:05.680] 五个点是两个朋友
[22:05.680 --> 22:06.680] 输完以后呢
[22:09.680 --> 22:10.680] 那个就不能直接输入
[22:10.680 --> 22:11.680] 输入
[22:11.680 --> 22:12.680] 输入
[22:12.680 --> 22:13.680] 你要输入
[22:13.680 --> 22:14.680] 你要加班你调不了
[22:14.680 --> 22:15.680] 输入
[22:15.680 --> 22:16.680] 你希望我说
[22:16.680 --> 22:17.680] 你认输
[22:17.680 --> 22:18.680] 然后能源费用的
[22:18.680 --> 22:19.680] 那些是你点的
[22:19.680 --> 22:20.680] 或者是打的地方
[22:20.680 --> 22:21.680] 嗯
[22:21.680 --> 22:22.680] 那你
[22:22.680 --> 22:23.680] 今年能源费用的
[22:23.680 --> 22:24.680] 你挺好
[22:24.680 --> 22:25.680] 今年能源费用的
[22:25.680 --> 22:26.680] 你点的一页
[22:26.680 --> 22:27.680] 因为你小时候
[22:27.680 --> 22:28.680] 这些能源和下一个能源
[22:28.680 --> 22:29.680] 费用大概不成
[22:29.680 --> 22:30.680] 然后动态过来
[22:30.680 --> 22:32.680] 才是对应的市场
[22:32.680 --> 22:34.680] 可以用的市场
[22:34.680 --> 22:35.680] 嗯
[22:35.680 --> 22:36.680] 因为你
[22:36.680 --> 22:37.680] 你这个人员
[22:37.680 --> 22:38.680] 包括中台
[22:38.680 --> 22:39.680] 你小时候
[22:39.680 --> 22:40.680] 他就有便利量的
[22:40.680 --> 22:41.680] 便利量
[22:42.680 --> 22:43.680] 你超过高了
[22:43.680 --> 22:44.680] 你能源费用的就低了
[22:44.680 --> 22:45.680] 对
[22:46.680 --> 22:47.680] 嗯
[23:06.680 --> 23:07.680] 你再反对一个
[23:07.680 --> 23:08.680] 你再反对一个
[23:10.680 --> 23:11.680] 这个
[23:11.680 --> 23:12.680] 这个才能
[23:12.680 --> 23:13.680] 反对好了
[23:17.680 --> 23:19.680] 华不款的时候
[23:19.680 --> 23:20.680] 肯定是有时间的呀
[23:21.680 --> 23:23.680] 财务所有东西调完
[23:23.680 --> 23:24.680] 然后上个月的
[23:24.680 --> 23:26.680] 这个月就播给你们呀
[23:26.680 --> 23:27.680] 还是
[23:28.680 --> 23:30.680] 还是你个月一个月来
[23:30.680 --> 23:31.680] 你如果每个月
[23:31.680 --> 23:33.680] 一个月一个月来
[23:33.680 --> 23:35.680] 就这个月就
[23:35.680 --> 23:36.680] 这个月就
[23:36.680 --> 23:37.680] 就用上个月来电用
[23:38.680 --> 23:39.680] 对
[23:39.680 --> 23:40.680] 上个月的
[23:40.680 --> 23:41.680] 这个月就用上个月的电用
[23:41.680 --> 23:42.680] 对
[23:42.680 --> 23:43.680] 上个月的订单
[23:43.680 --> 23:45.680] 一定要定
[23:45.680 --> 23:46.680] 这个情况吧
[23:46.680 --> 23:48.680] 还是要看你实际用的情况吧
[23:48.680 --> 23:50.680] 但是有盈率比较高的
[23:50.680 --> 23:51.680] 那你可能
[23:51.680 --> 23:52.680] 对吧
[23:52.680 --> 23:53.680] 你结一个人的
[23:53.680 --> 23:54.680] 跟他没关系
[23:54.680 --> 23:55.680] 这个
[23:55.680 --> 23:56.680] 就这个月是用
[23:56.680 --> 23:57.680] 这个当月的
[23:57.680 --> 23:58.680] 这个上个月
[23:58.680 --> 23:59.680] 怎么上个月
[23:59.680 --> 24:00.680] 要把卡通
[24:00.680 --> 24:01.680] 三个月
[24:01.680 --> 24:03.680] 三个月有结余呢
[24:03.680 --> 24:05.680] 结余是可以一直
[24:05.680 --> 24:06.680] 把他结余出来
[24:06.680 --> 24:07.680] 对 结余发
[24:07.680 --> 24:09.680] 啊 累积一下
[24:09.680 --> 24:10.680] 然后他什么情况
[24:10.680 --> 24:11.680] 就不超啊
[24:11.680 --> 24:12.680] 对他这么
[24:12.680 --> 24:13.680] 这个职作
[24:13.680 --> 24:14.680] 当然不天
[24:14.680 --> 24:15.680] 就是每个品要
[24:15.680 --> 24:17.680] 要多少投到这个
[24:17.680 --> 24:18.680] 这个词里面呢
[24:18.680 --> 24:19.680] 可以是要按三个月的数据
[24:19.680 --> 24:20.680] 才能出到来
[24:20.680 --> 24:21.680] 要不然是
[24:21.680 --> 24:22.680] 当月你还没开始在家
[24:22.680 --> 24:23.680] 你这个数字
[24:23.680 --> 24:24.680] 多少职合怎么出来呢
[24:24.680 --> 24:25.680] 对
[24:25.680 --> 24:26.680] 数
[24:26.680 --> 24:27.680] 数
[24:27.680 --> 24:28.680] 好
[24:28.680 --> 24:30.680] 实际使用的情况
[24:30.680 --> 24:31.680] OK
[24:31.680 --> 24:32.680] 这个月是用
[24:32.680 --> 24:33.680] 就那
[24:33.680 --> 24:34.680] 就月底的时候
[24:34.680 --> 24:35.680] 就财务
[24:35.680 --> 24:36.680] 要把什么
[24:36.680 --> 24:37.680] 干完了呀
[24:37.680 --> 24:38.680] 能源 能台
[24:38.680 --> 24:39.680] 能不能就全部拦
[24:39.680 --> 24:40.680] 搞完
[24:40.680 --> 24:41.680] 搞完数据之后
[24:41.680 --> 24:42.680] 就那个了
[24:44.680 --> 24:45.680] 那他的
[24:45.680 --> 24:46.680] 包括说品牌是
[24:46.680 --> 24:47.680] 生态
[24:47.680 --> 24:48.680] 生态
[24:48.680 --> 24:49.680] 然后美国人
[24:49.680 --> 24:50.680] 品牌的分用
[24:50.680 --> 24:51.680] 当然
[24:52.680 --> 24:53.680] 当然我要提拔
[24:53.680 --> 24:54.680] 你就是提拔
[24:54.680 --> 24:55.680] 你就不能用
[24:55.680 --> 24:56.680] 对啊
[24:56.680 --> 24:57.680] 就表一个点
[24:57.680 --> 24:58.680] 或者怎么样
[24:58.680 --> 24:59.680] 就代表名义团
[24:59.680 --> 25:00.680] 嗯
[25:04.680 --> 25:05.680] 我知道
[25:05.680 --> 25:06.680] 人员飞舞
[25:06.680 --> 25:07.680] 可以代表名义团
[25:07.680 --> 25:08.680] 我要不要往中团
[25:08.680 --> 25:09.680] 是代表名义团
[25:09.680 --> 25:10.680] 是代表名义团
[25:10.680 --> 25:11.680] 就
[25:11.680 --> 25:12.680] 就点数有关系
[25:12.680 --> 25:13.680] 点数会变难吗
[25:14.680 --> 25:15.680] 我都是品牌名义团
[25:15.680 --> 25:17.680] 当然我要一个点
[25:17.680 --> 25:18.680] 它是不会变的
[25:18.680 --> 25:19.680] 对
[25:22.680 --> 25:23.680] 能源
[25:23.680 --> 25:24.680] 那就跟中台
[25:24.680 --> 25:25.680] 就跟人一个人一样
[25:25.680 --> 25:26.680] 一般是
[25:26.680 --> 25:27.680] 做八
[25:27.680 --> 25:28.680] 做一个一个
[25:28.680 --> 25:29.680] 做两个意义
[25:29.680 --> 25:30.680] 中台是固定的
[25:30.680 --> 25:31.680] 那个分用点
[25:31.680 --> 25:32.680] 数数变成一半
[25:32.680 --> 25:33.680] 本来就是这样的
[25:33.680 --> 25:34.680] 实际就有意义
[25:34.680 --> 25:35.680] 数数变成一半
[25:35.680 --> 25:36.680] 你业绩做的
[25:36.680 --> 25:38.680] 又搞得为什么有这种
[25:38.680 --> 25:39.680] 别的嘛
[25:39.680 --> 25:40.680] 那他还说
[25:40.680 --> 25:41.680] 爱去开发发
[25:41.680 --> 25:42.680] 他半公斤死的呀
[25:42.680 --> 25:43.680] 你业绩发不发
[25:43.680 --> 25:44.680] 比一帐篇就比了
[25:49.680 --> 25:50.680] 那这些口头流出来
[25:50.680 --> 25:51.680] 我们来品
[25:53.680 --> 25:54.680] 样品
[25:54.680 --> 25:55.680] 物料
[25:57.680 --> 25:58.680] 你那个物料
[25:58.680 --> 25:59.680] 你封药
[25:59.680 --> 26:00.680] 把它分效
[26:00.680 --> 26:01.680] 你别人按照上市场
[26:01.680 --> 26:02.680] 都是样品
[26:02.680 --> 26:03.680] 你家里
[26:03.680 --> 26:04.680] 你样品要进管控
[26:04.680 --> 26:06.680] 物料也要管控
[26:07.680 --> 26:08.680] 这些是
[26:08.680 --> 26:09.680] 所有的活动的
[26:09.680 --> 26:11.680] 食食品都是通过系统
[26:11.680 --> 26:12.680] 一点
[26:12.680 --> 26:13.680] 到样品再去
[26:13.680 --> 26:14.680] 就是这边批完了
[26:14.680 --> 26:15.680] 才会到
[26:15.680 --> 26:16.680] 就没有了
[26:16.680 --> 26:17.680] 就不够让他们自己去
[26:17.680 --> 26:18.680] 没有
[26:18.680 --> 26:19.680] 你这个都要
[26:19.680 --> 26:20.680] 客户的
[26:20.680 --> 26:21.680] 投资出来
[26:21.680 --> 26:22.680] 这是拉出来
[26:22.680 --> 26:23.680] 我这个样品
[26:23.680 --> 26:24.680] 这个你的
[26:24.680 --> 26:28.680] 市场上就在你上面了
[26:28.680 --> 26:29.680] 对
[26:29.680 --> 26:30.680] 还有一些是
[26:30.680 --> 26:31.680] 可能是没有
[26:31.680 --> 26:33.680] 指定的客户的指向
[26:35.680 --> 26:36.680] 指向对
[26:36.680 --> 26:37.680] 然后你这个
[26:37.680 --> 26:38.680] 你这个还不够
[26:38.680 --> 26:39.680] 客户呢
[26:39.680 --> 26:40.680] 要这个样呢
[26:40.680 --> 26:41.680] 那是
[26:41.680 --> 26:42.680] 那这种叫
[26:42.680 --> 26:43.680] 这招
[26:43.680 --> 26:44.680] 这招你的这个
[26:44.680 --> 26:45.680] 总当市场上来
[26:46.680 --> 26:47.680] 那我还要
[26:47.680 --> 26:48.680] 还是最终还是要
[26:48.680 --> 26:49.680] 分给他们
[26:49.680 --> 26:50.680] 他们也不
[26:50.680 --> 26:51.680] 客户还没有的这种
[26:51.680 --> 26:52.680] 有客户
[26:52.680 --> 26:53.680] 直接接到客户
[26:53.680 --> 26:54.680] 没有客户的指向来
[26:57.680 --> 26:58.680] 客户打案没进来
[26:58.680 --> 26:59.680] 还是
[26:59.680 --> 27:00.680] 他吃了一样
[27:02.680 --> 27:03.680] 不是打案没进
[27:03.680 --> 27:04.680] 是他妈妈
[27:04.680 --> 27:05.680] 他没钱打进来
[27:09.680 --> 27:10.680] 就是开发客户了
[27:10.680 --> 27:11.680] 对对
[27:11.680 --> 27:12.680] 他
[27:12.680 --> 27:14.680] 他购他钱打进来
[27:14.680 --> 27:16.680] 才有费用才能的
[27:16.680 --> 27:17.680] 他没有的话
[27:17.680 --> 27:18.680] 就在你
[27:18.680 --> 27:19.680] 你们那个
[27:19.680 --> 27:20.680] 总当市场上面
[27:20.680 --> 27:21.680] 这个你都要算
[27:21.680 --> 27:22.680] 到时候算费用吗
[27:22.680 --> 27:23.680] 你算
[27:23.680 --> 27:24.680] 运气吗
[27:24.680 --> 27:25.680] 这样吧
[27:30.680 --> 27:31.680] 不好意思
[27:31.680 --> 27:32.680] 我说你这里
[27:32.680 --> 27:33.680] 可能是要有个词子了
[27:41.680 --> 27:42.680] 这里没有词子
[27:42.680 --> 27:43.680] 这里没有证明
[27:44.680 --> 27:45.680] 我
[27:45.680 --> 27:46.680] 这样的话
[27:48.680 --> 27:49.680] 直接从外国人
[27:49.680 --> 27:50.680] 能分出来吗
[27:50.680 --> 27:51.680] 老客户
[27:51.680 --> 27:52.680] 争品
[27:52.680 --> 27:53.680] 或者天客户
[27:53.680 --> 27:54.680] 开发基础
[27:54.680 --> 27:56.680] 要不然我要补给
[27:56.680 --> 27:57.680] 这个维度
[27:57.680 --> 27:58.680] 要很来的
[27:58.680 --> 27:59.680] 他不这样
[27:59.680 --> 28:00.680] 他非常不贯
[28:00.680 --> 28:01.680] 你个莫弄贯
[28:01.680 --> 28:03.680] 没地方贯的时候
[28:03.680 --> 28:04.680] 在你们分的时候
[28:04.680 --> 28:05.680] 你贯哪里
[28:06.680 --> 28:07.680] 就给你那个
[28:07.680 --> 28:08.680] 你那个
[28:09.680 --> 28:10.680] 就给你那个
[28:11.680 --> 28:12.680] 华客那个很像
[28:12.680 --> 28:13.680] 分的
[28:14.680 --> 28:15.680] 分类的
[28:16.680 --> 28:17.680] 你莫弄的时候
[28:17.680 --> 28:18.680] 肯定要
[28:18.680 --> 28:19.680] 总的那个
[28:19.680 --> 28:20.680] 莫弄是客户组续的
[28:20.680 --> 28:21.680] 对
[28:32.680 --> 28:33.680] 有些可以只算
[28:33.680 --> 28:34.680] 也可以知道他
[28:34.680 --> 28:35.680] 挂到他
[28:35.680 --> 28:36.680] 东西的工工的
[28:36.680 --> 28:37.680] 工工的工工账
[28:37.680 --> 28:38.680] 不可能应该也可以吧
[28:45.680 --> 28:46.680] 应该是省里有
[28:46.680 --> 28:47.680] 中心有啊
[28:47.680 --> 28:48.680] 对
[28:48.680 --> 28:49.680] 省里
[28:49.680 --> 28:50.680] 现在是
[28:50.680 --> 28:51.680] 现在是本来去
[28:51.680 --> 28:52.680] 那个做预算的时候
[28:52.680 --> 28:53.680] 是把那个央品
[28:53.680 --> 28:54.680] 整个费用也
[28:54.680 --> 28:55.680] 也算到多少钱
[28:55.680 --> 28:57.680] 然后每个中心分了
[28:57.680 --> 28:58.680] 然后中心呢
[28:58.680 --> 28:59.680] 一把这个央品
[28:59.680 --> 29:00.680] 费用人分到
[29:00.680 --> 29:01.680] 二省里去
[29:01.680 --> 29:03.680] 分是有个有个词分在哪里
[29:04.680 --> 29:05.680] 然后每个月
[29:05.680 --> 29:06.680] 不打央品
[29:06.680 --> 29:07.680] 所有的机会都拿出来
[29:09.680 --> 29:10.680] 看得不好看
[29:12.680 --> 29:15.680] 这个也单独做个词吧
[29:15.680 --> 29:16.680] 没有
[29:16.680 --> 29:17.680] Bastel观念
[29:17.680 --> 29:18.680] 那是这样的
[29:19.680 --> 29:20.680] 你这个词就是
[29:20.680 --> 29:21.680] 公司的
[29:21.680 --> 29:22.680] 就是这个词
[29:23.680 --> 29:25.680] 中心公司有词
[29:27.680 --> 29:28.680] 中心有
[29:28.680 --> 29:29.680] 然后省里有
[29:29.680 --> 29:30.680] 中心大量的
[29:34.680 --> 29:35.680] 然后这个就
[29:35.680 --> 29:36.680] 或者说
[29:36.680 --> 29:37.680] 下面没有什么
[29:37.680 --> 29:38.680] 就六个
[29:38.680 --> 29:39.680] 那不可以
[29:39.680 --> 29:40.680] 地待导致吧
[29:40.680 --> 29:41.680] 你不可以
[29:41.680 --> 29:42.680] 把那颗他都不可以叫我
[29:42.680 --> 29:43.680] 把那样
[29:50.680 --> 29:51.680] 你待导致
[29:52.680 --> 29:54.680] 现在肯定要保留
[30:00.680 --> 30:01.680] 地待导致
[30:01.680 --> 30:02.680] 简单啊
[30:02.680 --> 30:03.680] 他这个下来
[30:03.680 --> 30:04.680] 能做到那颗
[30:04.680 --> 30:05.680] 他都不会
[30:05.680 --> 30:06.680] 就不够
[30:07.680 --> 30:08.680] 简单点
[30:08.680 --> 30:09.680] 就不够待的
[30:11.680 --> 30:12.680] 现在说要比里面
[30:12.680 --> 30:13.680] 够设计
[30:23.680 --> 30:24.680] 你如果刻刻
[30:24.680 --> 30:25.680] 把面试的话
[30:25.680 --> 30:26.680] 我觉得
[30:26.680 --> 30:27.680] 实事处都可以
[30:28.680 --> 30:29.680] 就是
[30:29.680 --> 30:30.680] 就是
[30:30.680 --> 30:31.680] 昨天的
[30:31.680 --> 30:32.680] 今天就没有
[30:34.680 --> 30:35.680] 那是要他资料
[30:35.680 --> 30:36.680] 体交成为
[30:36.680 --> 30:37.680] 一个这个费用
[30:37.680 --> 30:38.680] 他钱付了就快
[30:38.680 --> 30:39.680] 都钱付了就可以用了
[30:43.680 --> 30:44.680] 今天各位
[30:44.680 --> 30:45.680] 单打了钱付了
[30:45.680 --> 30:46.680] 我们发过了
[30:46.680 --> 30:47.680] 就就就
[30:47.680 --> 30:48.680] 费用了呀
[30:48.680 --> 30:49.680] 费用了就接口了
[30:49.680 --> 30:50.680] 对
[30:50.680 --> 30:51.680] 就不用
[30:51.680 --> 30:52.680] 这个月用上月的份
[30:52.680 --> 30:54.680] 就一个月用一个月的份
[30:58.680 --> 30:59.680] 他收起
[30:59.680 --> 31:00.680] 比方说起的时候
[31:00.680 --> 31:01.680] 他肯定是
[31:01.680 --> 31:02.680] 比方说我要做
[31:02.680 --> 31:03.680] 一个活动
[31:03.680 --> 31:04.680] 那你一单
[31:04.680 --> 31:05.680] 这个费用是
[31:05.680 --> 31:06.680] 他可能下个两张
[31:06.680 --> 31:07.680] 才能存有这个
[31:07.680 --> 31:08.680] 这个费用就花
[31:08.680 --> 31:09.680] 那他
[31:09.680 --> 31:10.680] 可能一个月
[31:10.680 --> 31:12.680] 收起的时候就直接超
[31:12.680 --> 31:13.680] 超了可能就很多了
[31:13.680 --> 31:14.680] 什么
[31:14.680 --> 31:15.680] 他比较月初
[31:15.680 --> 31:16.680] 我要月初只下了一单
[31:16.680 --> 31:17.680] 他可能
[31:17.680 --> 31:18.680] 不正常要上三单嘛
[31:18.680 --> 31:20.680] 他这个月初下来单的时候
[31:20.680 --> 31:21.680] 如果费用出来
[31:21.680 --> 31:22.680] 只有1000块
[31:22.680 --> 31:23.680] 不他升起的时候
[31:23.680 --> 31:24.680] 可能
[31:24.680 --> 31:25.680] 正常要收起3000
[31:25.680 --> 31:26.680] 那他可能超了
[31:26.680 --> 31:27.680] 把他收起不了
[31:27.680 --> 31:28.680] 超可以给他
[31:28.680 --> 31:29.680] 超又不是不能的
[31:30.680 --> 31:32.680] 他现在给你写卡
[31:32.680 --> 31:33.680] 卡卡
[31:33.680 --> 31:34.680] 写不要擦擦
[31:34.680 --> 31:35.680] 一定上网的
[31:35.680 --> 31:36.680] 他客户也不能只有一个
[31:38.680 --> 31:39.680] 他就客户天赔
[31:39.680 --> 31:41.680] 客户他本来都
[31:41.680 --> 31:42.680] 不用说死的呀
[31:43.680 --> 31:44.680] 这个都一样的
[31:45.680 --> 31:46.680] 你可以
[31:46.680 --> 31:47.680] 你可以根据上个月的
[31:47.680 --> 31:48.680] 这个模拟
[31:48.680 --> 31:49.680] 给他
[31:49.680 --> 31:50.680] 给他四两个月嘛
[31:51.680 --> 31:52.680] 我原来
[31:52.680 --> 31:53.680] 刚开始
[31:53.680 --> 31:54.680] 第一个月上一张
[31:54.680 --> 31:55.680] 他的目标
[31:55.680 --> 31:56.680] 他这个是
[31:56.680 --> 31:57.680] 目标是50万
[31:57.680 --> 31:58.680] 那可四点就两万
[31:58.680 --> 31:59.680] 先到他那张上
[31:59.680 --> 32:00.680] 然后
[32:00.680 --> 32:01.680] 如果说
[32:01.680 --> 32:02.680] 不是先到他那
[32:02.680 --> 32:03.680] 那他这个就是
[32:03.680 --> 32:04.680] 也是一个
[32:04.680 --> 32:05.680] 没有
[32:05.680 --> 32:06.680] 业绩还没开始的时候
[32:06.680 --> 32:07.680] 然后开始要活动要开始
[32:07.680 --> 32:09.680] 那我不是没法升聘了
[32:09.680 --> 32:10.680] 那你就是信我
[32:10.680 --> 32:11.680] 额度吗
[32:11.680 --> 32:12.680] 对 现在还是额度嘛
[32:12.680 --> 32:13.680] 然后他实际可能
[32:13.680 --> 32:14.680] 做不到50万
[32:14.680 --> 32:15.680] 那我要把他收回来
[32:15.680 --> 32:16.680] 那他就变成自信
[32:16.680 --> 32:17.680] 没有 他可能是这样的
[32:19.680 --> 32:21.680] 他这个也是用卡的额度
[32:21.680 --> 32:23.680] 根据你的上个月的业绩
[32:23.680 --> 32:24.680] 一个是你的额度
[32:24.680 --> 32:25.680] 对
[32:26.680 --> 32:27.680] 我按照目标来
[32:27.680 --> 32:28.680] 来的额度也是一件
[32:30.680 --> 32:31.680] 50万我给他
[32:31.680 --> 32:32.680] 两万
[32:32.680 --> 32:33.680] 然后开始
[32:33.680 --> 32:34.680] 这个月不是目标
[32:34.680 --> 32:35.680] 我说
[32:35.680 --> 32:36.680] 要活动是也是当用
[32:36.680 --> 32:37.680] 那是升聘
[32:37.680 --> 32:38.680] 按照两万升聘
[32:38.680 --> 32:39.680] 做
[32:39.680 --> 32:40.680] 到十几个月上
[32:40.680 --> 32:41.680] 做了60万
[32:41.680 --> 32:42.680] 那可以扯到额度
[32:42.680 --> 32:43.680] 你的信仰都提高了
[32:43.680 --> 32:44.680] 就扯到两万四了
[32:49.680 --> 32:50.680] 这个也可以
[32:51.680 --> 32:52.680] 就按照上个月的
[32:52.680 --> 32:54.680] 这个情况给你取信的额度
[32:54.680 --> 32:55.680] 然后实际上
[32:55.680 --> 32:56.680] 要是超过这个信用额度
[32:56.680 --> 32:58.680] 就给你取信实际的额度
[33:02.680 --> 33:03.680] 是吧
[33:03.680 --> 33:04.680] 实际上这个月的
[33:04.680 --> 33:05.680] 现在要是成交量
[33:05.680 --> 33:06.680] 超过那个的话
[33:06.680 --> 33:07.680] 我就给你
[33:07.680 --> 33:08.680] 这都是增加的嘛
[33:08.680 --> 33:10.680] 但是他晚上整的嘛
[33:10.680 --> 33:11.680] 然后挖出不了
[33:11.680 --> 33:13.680] 你的额度是下降了
[33:18.680 --> 33:19.680] 我弄不了的话
[33:19.680 --> 33:21.680] 你上个月就欠我钱了
[33:21.680 --> 33:22.680] 但是欠钱
[33:22.680 --> 33:23.680] 就要上个月还的
[33:26.680 --> 33:27.680] 那就是付出了
[33:27.680 --> 33:28.680] 这就是两万
[33:28.680 --> 33:29.680] 然后下个月可能是
[33:29.680 --> 33:30.680] 五十万的
[33:30.680 --> 33:31.680] 还是五十万的
[33:31.680 --> 33:32.680] 两万可能要减掉
[33:32.680 --> 33:33.680] 上个月的没完成
[33:33.680 --> 33:34.680] 就减掉五千
[33:34.680 --> 33:35.680] 只有一万
[33:36.680 --> 33:37.680] 把上个月先还了
[33:51.680 --> 33:53.680] 额度升批怎么说批啊
[33:55.680 --> 33:56.680] 就是他那个不用
[33:56.680 --> 33:58.680] 升批就是活动的时候
[33:58.680 --> 33:59.680] 就开始批了
[34:00.680 --> 34:01.680] 他收起的是什么
[34:01.680 --> 34:02.680] 嗯
[34:02.680 --> 34:03.680] 他收起
[34:03.680 --> 34:04.680] 收起就
[34:04.680 --> 34:05.680] 收起了这么多
[34:05.680 --> 34:06.680] 不能超过
[34:06.680 --> 34:07.680] 他的这个
[34:07.680 --> 34:08.680] 这个额度
[34:08.680 --> 34:09.680] 就是他那个
[34:09.680 --> 34:10.680] 这个额度
[34:10.680 --> 34:11.680] 就是他那个
[34:11.680 --> 34:12.680] 这个额度
[34:12.680 --> 34:13.680] 就是他那个
[34:13.680 --> 34:14.680] 这个额度
[34:14.680 --> 34:15.680] 就是他那个
[34:15.680 --> 34:16.680] 这个额度
[34:16.680 --> 34:17.680] 就是他那个
[34:17.680 --> 34:18.680] 这个额度
[34:18.680 --> 34:19.680] 就是他那个
[34:19.680 --> 34:20.680] 这个额度
[34:20.680 --> 34:21.680] 他的这个
[34:22.680 --> 34:23.680] 行
[34:23.680 --> 34:24.680] 然后执行可能不会减少吗
[34:24.680 --> 34:25.680] 执行可能会减少
[34:25.680 --> 34:26.680] 增加可能不会
[34:26.680 --> 34:27.680] 不可能跟他超
[34:27.680 --> 34:28.680] 超升起去给他
[34:28.680 --> 34:29.680] 给他和了嘛
[34:29.680 --> 34:30.680] 那个正常的
[34:30.680 --> 34:31.680] 减少
[34:31.680 --> 34:32.680] 那到下个月了
[34:32.680 --> 34:33.680] 下个月增加
[34:33.680 --> 34:34.680] 可以升起来说
[34:34.680 --> 34:35.680] 你不超过这个
[34:38.680 --> 34:39.680] 那你的额度
[34:39.680 --> 34:41.680] 是不是该去这个
[34:42.680 --> 34:43.680] 上个月的一个
[34:43.680 --> 34:45.680] 情况来增加的
[34:45.680 --> 34:46.680] 后面
[34:46.680 --> 34:47.680] 第一步的时候是没有
[34:47.680 --> 34:48.680] 没有
[34:48.680 --> 34:49.680] 没有
[34:49.680 --> 34:50.680] 因为应该没有的时候
[34:50.680 --> 34:51.680] 没有
[34:51.680 --> 34:52.680] 后面是
[34:52.680 --> 34:53.680] 按照额度直接到
[34:53.680 --> 34:54.680] 到10到10
[34:54.680 --> 34:55.680] 增加的
[34:57.680 --> 34:58.680] 这第一个月是没有
[34:58.680 --> 34:59.680] 因为
[34:59.680 --> 35:00.680] 因为他电单没出来
[35:00.680 --> 35:01.680] 是没有的
[35:01.680 --> 35:02.680] 你跟他还要分等级啊
[35:02.680 --> 35:03.680] 嗯
[35:03.680 --> 35:04.680] 是不是还要分等级呢
[35:04.680 --> 35:05.680] 这个
[35:05.680 --> 35:06.680] 用过你
[35:06.680 --> 35:08.680] 比如说你有的
[35:08.680 --> 35:09.680] 这个
[35:09.680 --> 35:10.680] 账户可能要给他
[35:10.680 --> 35:11.680] 比如说一万
[35:11.680 --> 35:12.680] 有的可能十万
[35:13.680 --> 35:14.680] 因为你
[35:14.680 --> 35:15.680] 首页肯定是没有
[35:15.680 --> 35:17.680] 你刚开始肯定是没有的
[35:17.680 --> 35:18.680] 没有贴单吗
[35:18.680 --> 35:19.680] 现在不用考虑这个了
[35:19.680 --> 35:20.680] 我其他来基督
[35:20.680 --> 35:21.680] 不是
[35:21.680 --> 35:22.680] 到6月就已经有了嘛
[35:22.680 --> 35:23.680] 是吧
[35:23.680 --> 35:24.680] 十月至到6月要倒进去
[35:24.680 --> 35:25.680] 就去抓下去吧
[35:25.680 --> 35:26.680] 到6月
[35:26.680 --> 35:27.680] 那已经有
[35:27.680 --> 35:28.680] 至到6月的数据
[35:29.680 --> 35:30.680] 现在不用考虑
[35:30.680 --> 35:31.680] 是我之前
[35:31.680 --> 35:32.680] 十月份开始的时候
[35:32.680 --> 35:33.680] 七成年的时候
[35:33.680 --> 35:34.680] 我没有额度数据
[35:34.680 --> 35:35.680] 我不知道
[35:35.680 --> 35:36.680] 这段时间是到6月
[35:36.680 --> 35:37.680] 我把它倒进去
[35:37.680 --> 35:38.680] 就出去了
[35:38.680 --> 35:39.680] 多少钱
[35:39.680 --> 35:40.680] 把它解开就好
[35:40.680 --> 35:41.680] 然后后面就开始
[35:41.680 --> 35:42.680] 七月份的
[35:42.680 --> 35:43.680] 七月份的数据
[35:43.680 --> 35:45.680] 多多接到这个数据
[35:48.680 --> 35:51.680] 那对我七成年
[35:51.680 --> 35:52.680] 整个成年
[35:52.680 --> 35:53.680] 从4月份开始
[35:53.680 --> 35:54.680] 多往里面疲弊啊
[35:54.680 --> 35:55.680] 对啊
[35:57.680 --> 35:59.680] 那就支持把它一批
[36:00.680 --> 36:02.680] 一直把所有的数据
[36:02.680 --> 36:03.680] 多多疲弊
[36:03.680 --> 36:04.680] 然后此就
[36:04.680 --> 36:05.680] 刷成一个数据
[36:06.680 --> 36:07.680] 基础的数据
[36:07.680 --> 36:08.680] 有了必定的数据
[36:08.680 --> 36:09.680] 就有了必定的数据
[36:09.680 --> 36:10.680] 所以我说
[36:10.680 --> 36:11.680] 我现在
[36:11.680 --> 36:12.680] 我现在
[36:12.680 --> 36:13.680] 我现在
[36:13.680 --> 36:14.680] 我现在
[36:14.680 --> 36:15.680] 我现在
[36:15.680 --> 36:16.680] 我现在
[36:17.680 --> 36:18.680] 基础的数据
[36:18.680 --> 36:19.680] 有了必定
[36:19.680 --> 36:20.680] 之前预算表会就做过
[36:20.680 --> 36:22.680] 预算做多少
[36:22.680 --> 36:23.680] 然后十几完成页
[36:23.680 --> 36:24.680] 就多少能用多少
[36:24.680 --> 36:25.680] 已经换多少
[36:25.680 --> 36:26.680] 也没有超过
[36:26.680 --> 36:27.680] 对面我两个事情的
[36:27.680 --> 36:28.680] 嗯
[36:31.680 --> 36:32.680] 就是里面有些数据
[36:32.680 --> 36:33.680] 我跟财务在对下
[36:33.680 --> 36:34.680] 有些财务在对下
[36:34.680 --> 36:35.680] 有些财务在对下
[36:35.680 --> 36:36.680] 有些财务在对下
[36:36.680 --> 36:37.680] 有些财务在对下
[36:37.680 --> 36:38.680] 有些财务在对下
[36:38.680 --> 36:39.680] 有些财务在对下
[36:39.680 --> 36:40.680] 有些财务在对下
[36:40.680 --> 36:41.680] 有些财务在对下
[36:41.680 --> 36:42.680] 有些财务在对下
[36:42.680 --> 36:43.680] 有些财务在对下
[36:43.680 --> 36:44.680] 有些财务在对下
[36:45.680 --> 36:47.680] 我们直接就通过就行
[36:47.680 --> 36:49.680] 上帐他们帮他们行
[36:49.680 --> 36:50.680] 上帐是疼癖
[36:50.680 --> 36:51.680] 这活动要做这个活动
[36:51.680 --> 36:53.680] 是不需要去走神癖
[36:53.680 --> 36:54.680] 要神癖
[36:55.680 --> 36:56.680] 神癖还是要做
[36:57.680 --> 36:59.680] 你不能说他这个吃的有五万
[36:59.680 --> 37:00.680] 然后我一个公民
[37:00.680 --> 37:01.680] 需要一个小卡拉米
[37:01.680 --> 37:02.680] 也是五万
[37:02.680 --> 37:03.680] 那我可能要卡他不能
[37:03.680 --> 37:04.680] 我要也好
[37:04.680 --> 37:05.680] 是不是
[37:05.680 --> 37:06.680] 是不是给到这个
[37:06.680 --> 37:07.680] 他这个五万
[37:07.680 --> 37:08.680] 给他小厨子开了
[37:08.680 --> 37:09.680] 这个商外部的
[37:09.680 --> 37:10.680] 他全用了
[37:10.680 --> 37:11.680] 他把他吃到不用了
[37:11.680 --> 37:12.680] 那你也肯定不行
[37:14.680 --> 37:15.680] 这个只是我
[37:15.680 --> 37:17.680] 抄我们也可以给他抄一点
[37:17.680 --> 37:18.680] 也不是不能给他抄
[37:18.680 --> 37:19.680] 跟特殊情况
[37:19.680 --> 37:21.680] 我们也可以给他抄一点
[37:21.680 --> 37:22.680] 抄的问题是
[37:22.680 --> 37:23.680] 我们要心里知道他这个
[37:23.680 --> 37:24.680] 已经抄了
[37:24.680 --> 37:26.680] 然后打伤去给他抄多少钱
[37:26.680 --> 37:27.680] 他自己心里一样有数
[37:27.680 --> 37:28.680] 对
[37:29.680 --> 37:31.680] 还有哪些作用
[37:31.680 --> 37:32.680] 哪些费用作用
[37:32.680 --> 37:33.680] 专项不成的
[37:36.680 --> 37:38.680] 就我们公司相当于是
[37:40.680 --> 37:41.680] 公司相当于是那个嘛
[37:41.680 --> 37:43.680] 公司相当于是
[37:43.680 --> 37:44.680] 相当于是那个嘛
[37:44.680 --> 37:45.680] 中央
[37:45.680 --> 37:47.680] 中央财政领域很流利
[37:47.680 --> 37:48.680] 不流利的领域
[37:48.680 --> 37:49.680] 你办什么事呢
[38:02.680 --> 38:03.680] 这个卡就是
[38:04.680 --> 38:05.680] 现在现实有一些
[38:05.680 --> 38:06.680] 比如说
[38:06.680 --> 38:09.680] 上次50多万Q4基督
[38:09.680 --> 38:11.680] 奖励那些东西
[38:11.680 --> 38:12.680] 就原工之前
[38:12.680 --> 38:13.680] 就是有奖励
[38:13.680 --> 38:15.680] 那个到大陆土地在里面
[38:15.680 --> 38:16.680] 那种的话是不是要再
[38:16.680 --> 38:18.680] 再就持续
[38:18.680 --> 38:19.680] 他现在是把它拿到费用里去
[38:19.680 --> 38:21.680] 因为它是一月后发
[38:21.680 --> 38:22.680] 那就变成四月份
[38:22.680 --> 38:23.680] 有很多了
[38:23.680 --> 38:24.680] 这种也行
[38:24.680 --> 38:26.680] 但是你投这个什么
[38:26.680 --> 38:27.680] 比贵
[38:28.680 --> 38:29.680] 比贵
[38:31.680 --> 38:32.680] 比贵贝福斯
[38:33.680 --> 38:34.680] 三上奖励
[38:35.680 --> 38:36.680] 赞费
[38:37.680 --> 38:39.680] 新品的一些基地
[38:42.680 --> 38:43.680] 赞费
[38:53.680 --> 38:54.680] 这个反应就是
[38:54.680 --> 38:55.680] 慢慢来
[38:55.680 --> 38:56.680] 没有反应是
[38:56.680 --> 38:57.680] 在那些里面
[38:57.680 --> 38:58.680] 可能是
[38:58.680 --> 38:59.680] 一次都说的
[38:59.680 --> 39:01.680] 这次就要分类了
[39:01.680 --> 39:03.680] 分类了还是要分类
[39:03.680 --> 39:04.680] 总的总的
[39:04.680 --> 39:06.680] 然后平均下来
[39:09.680 --> 39:10.680] 是一层层往下播
[39:10.680 --> 39:11.680] 对对对
[39:11.680 --> 39:12.680] 些公司
[39:12.680 --> 39:13.680] 出版的就那支
[39:13.680 --> 39:14.680] 线下给你
[39:14.680 --> 39:15.680] 有多少钱的话
[39:15.680 --> 39:16.680] 就一个部门的
[39:16.680 --> 39:17.680] 一个预算
[39:17.680 --> 39:18.680] 也好预算
[39:18.680 --> 39:19.680] 这个概念
[39:19.680 --> 39:20.680] 这个概念
[39:20.680 --> 39:21.680] 这个概念
[39:21.680 --> 39:22.680] 这个概念
[39:22.680 --> 39:23.680] 这个概念
[39:23.680 --> 39:24.680] 这个概念
[39:24.680 --> 39:25.680] 这个概念
[39:25.680 --> 39:26.680] 这个概念
[39:26.680 --> 39:27.680] 这个概念
[39:27.680 --> 39:28.680] 预算
[39:28.680 --> 39:29.680] 预算一样的这个概念
[39:29.680 --> 39:30.680] 物料
[39:32.680 --> 39:33.680] 物料
[39:33.680 --> 39:35.680] 物料是展现过的
[39:35.680 --> 39:36.680] 不是不是
[39:36.680 --> 39:37.680] 有些比方
[39:37.680 --> 39:38.680] 跟天天天天
[39:38.680 --> 39:39.680] 要提啊
[39:39.680 --> 39:41.680] 那你怎么了
[39:44.680 --> 39:45.680] 那种物料
[39:45.680 --> 39:46.680] 现在我是
[39:46.680 --> 39:47.680] 都放在
[39:47.680 --> 39:48.680] 他们的信用里面
[39:48.680 --> 39:49.680] 就单独
[39:49.680 --> 39:50.680] 因为物料是有生气
[39:50.680 --> 39:52.680] 不是也是体会生气
[39:52.680 --> 39:53.680] 然后把那个
[39:53.680 --> 39:54.680] 单独拉出来
[39:54.680 --> 39:55.680] 他们的
[39:55.680 --> 39:57.680] 这个CQR的品种料理
[39:57.680 --> 39:58.680] 就有
[39:58.680 --> 39:59.680] 对
[39:59.680 --> 40:00.680] 对
[40:00.680 --> 40:01.680] 对
[40:01.680 --> 40:02.680] 对
[40:02.680 --> 40:03.680] 然后
[40:03.680 --> 40:05.680] 其他的就连反
[40:05.680 --> 40:06.680] 然后
[40:06.680 --> 40:07.680] 阶段性的比方说
[40:07.680 --> 40:08.680] 嗯
[40:08.680 --> 40:09.680] 阶段的
[40:09.680 --> 40:10.680] 这个可以
[40:10.680 --> 40:11.680] 嗯
[40:12.680 --> 40:13.680] 这个可以
[40:13.680 --> 40:14.680] 然后包括
[40:14.680 --> 40:15.680] 有一些
[40:15.680 --> 40:16.680] 比方上赛成的
[40:16.680 --> 40:17.680] 这次不是
[40:17.680 --> 40:18.680] 有时候
[40:18.680 --> 40:19.680] 每个月
[40:19.680 --> 40:20.680] 十个月
[40:20.680 --> 40:21.680] 那个
[40:21.680 --> 40:22.680] 就赛成那种
[40:23.680 --> 40:24.680] 复材
[40:29.680 --> 40:30.680] 所以
[40:31.680 --> 40:32.680] 那会对
[40:32.680 --> 40:33.680] 那要
[40:33.680 --> 40:34.680] 所以
[40:44.680 --> 40:45.680] 所以
[40:45.680 --> 40:46.680] 所以
[40:46.680 --> 40:47.680] 那
[40:49.680 --> 40:50.680] 对
[40:53.680 --> 40:54.680] 哎
[40:54.680 --> 40:55.680] 对
[40:57.680 --> 40:58.680] 面孔两面孔
[40:58.680 --> 40:59.680] 面孔两
[41:03.680 --> 41:04.680] 有一些鸟
[41:05.680 --> 41:06.680] 发钱发钱发钱
[41:06.680 --> 41:07.680] 嗯
[41:08.680 --> 41:09.680] 一边鸟
[41:09.680 --> 41:10.680] 一边烧肉
[41:10.680 --> 41:11.680] 一搶来
[41:11.680 --> 41:12.680] 就肉你不吃过了
[41:16.680 --> 41:17.680] 是不是肉
[41:17.680 --> 41:18.680] 一搶来
[41:18.680 --> 41:19.680] 就肉你不吃过了
[41:23.680 --> 41:24.680] 发钱发钱
[41:24.680 --> 41:25.680] 发钱发钱
[41:25.680 --> 41:26.680] 我说发钱
[41:26.680 --> 41:27.680] 我说发钱
[41:27.680 --> 41:28.680] 我说我自己一边
[41:28.680 --> 41:29.680] 哈哈哈
[41:29.680 --> 41:30.680] 你干什么
[41:30.680 --> 41:31.680] 你干什么
[41:31.680 --> 41:32.680] 我
[41:32.680 --> 41:33.680] 我
[41:33.680 --> 41:34.680] 我这要来
[41:34.680 --> 41:35.680] 你要把你这样推
[41:35.680 --> 41:36.680] 啊
[41:36.680 --> 41:37.680] 我来我来
[41:37.680 --> 41:38.680] 我给你弄
[41:38.680 --> 41:39.680] 弄弄弄弄
[41:39.680 --> 41:40.680] 弄弄弄弄
[41:40.680 --> 41:42.680] 弄弄弄弄
[41:42.680 --> 41:43.680] 弄弄弄
